Microchip MPLAB XC8 Compiler V2.41

Linker command line:

-W-3 \
  --edf=C:\Program Files\Microchip\xc8\v2.41\pic\dat\20230208172133_en.msgs \
  -cn \
  -h+dist/default/production\pic18f47q10-hlvd-monitoring-voltage.X.production.sym \
  --cmf=dist/default/production\pic18f47q10-hlvd-monitoring-voltage.X.production.cmf \
  -z -Q18F47Q10 \
  -oC:\Users\I74666\AppData\Local\Temp\xcAsp60.\driver_tmp_3.o \
  --defsym=__MPLAB_BUILD=1 --fixupoverflow=error \
  -Mdist/default/production/pic18f47q10-hlvd-monitoring-voltage.X.production.map \
  --md=C:\Users\I74666\AppData\Local\Temp\xcAsp60.\driver_tmp_0.dat -E1 \
  -ver=XC8 Compiler --acfsm=1493 -ACODE=00h-01FFFFh -ACONST=00h-01FFFFh \
  -ASMALLCONST=01000h-010FFhx496 \
  -AMEDIUMCONST=01000h-0FFFFh,011000h-01FFFFh -ACOMRAM=01h-05Fh \
  -AABS1=00h-0CFFh,0E00h-0E1Eh -ABIGRAM=01h-0CFFh,0E00h-0E1Eh \
  -ARAM=060h-0FFh,0100h-01FFhx12,0E00h-0E1Eh -ABANK0=060h-0FFh \
  -ABANK1=0100h-01FFh -ABANK2=0200h-02FFh -ABANK3=0300h-03FFh \
  -ABANK4=0400h-04FFh -ABANK5=0500h-05FFh -ABANK6=0600h-06FFh \
  -ABANK7=0700h-07FFh -ABANK8=0800h-08FFh -ABANK9=0900h-09FFh \
  -ABANK10=0A00h-0AFFh -ABANK11=0B00h-0BFFh -ABANK12=0C00h-0CFFh \
  -ABANK14=0E00h-0E1Eh \
  -ASFR=0D00h-0DFFh,0E1Fh-0EFFh,0F00h-0F5Fh,0F60h-0FFFh \
  -ABIGSFR=0D00h-0DFFh,0E1Fh-0FFFh -ACONFIG=0300000h-030000Bh \
  -AIDLOC=0200000h-02000FFh -AEEDATA=0310000h-03103FFh -peeprom_data=EEDATA \
  -preset_vec=00h,intcode=08h,intcodelo,powerup,init -pramtop=01000h \
  -psmallconst=SMALLCONST -pmediumconst=MEDIUMCONST -pconst=CONST \
  -AFARRAM=00h-00h \
  -prdata=COMRAM,nvrram=COMRAM,nvbit=COMRAM,rbss=COMRAM,rbit=COMRAM \
  -pfarbss=FARRAM,fardata=FARRAM,nvFARRAM=FARRAM \
  -pintsave_regs=BIGRAM,bigbss=BIGRAM,bigdata=BIGRAM -pbss=RAM \
  -pidata=CODE,irdata=CODE,ibigdata=CODE,ifardata=CODE -prparam=COMRAM \
  C:\Users\I74666\AppData\Local\Temp\xcAsp60.\driver_tmp_14.o \
  dist/default/production\pic18f47q10-hlvd-monitoring-voltage.X.production.o 

Object code version is 3.11

Machine type is 18F47Q10



                Name                               Link     Load   Length Selector   Space Scale
C:\Users\I74666\AppData\Local\Temp\xcAsp60.\driver_tmp_14.o
                idloc                            200000   200000      100        0       5
                config                           300000   300000        C        0       4
                init                                 76       76        4        4       0
                reset_vec                             0        0        4        0       0
dist/default/production\pic18f47q10-hlvd-monitoring-voltage.X.production.o
                intcode                               8        8       6E        4       0
                idloc                            200000   200000      100        0       5
                config                           300000   300000        C        0       4
                temp                                 5C       5C        1        1       1
                mediumconst                        FE18     FE18      1E8     7F0C       0
                text26                            105A6    105A6        6     8000       0
                text25                            105B0    105B0        2     8000       0
                text24                            104E4    104E4       20     8000       0
                text23                            105AE    105AE        2     8000       0
                text21                            10550    10550       16     8000       0
                text20                            104C2    104C2       22     8000       0
                text19                            10522    10522       18     8000       0
                text18                            104A0    104A0       22     8000       0
                text17                            1047E    1047E       22     8000       0
                text16                            1039E    1039E       40     8000       0
                text15                            10590    10590        E     8000       0
                text14                            1045C    1045C       22     8000       0
                text13                            10582    10582        E     8000       0
                text12                            10574    10574        E     8000       0
                text11                            10566    10566        E     8000       0
                text10                            10358    10358       46     8000       0
                text9                             101CE    101CE       B2     8000       0
                text8                             1053A    1053A       16     8000       0
                text7                             1040C    1040C       2A     8000       0
                text6                             1059E    1059E        8     8000       0
                text5                             10504    10504       1E     8000       0
                text4                             10104    10104       CA     8000       0
                text3                             10280    10280       86     8000       0
                text2                             10306    10306       52     8000       0
                text1                             10436    10436       26     8000       0
                text0                             10000    10000      104     8000       0
                cstackCOMRAM                         3B       3B       1F        1       1
                dataCOMRAM                           5A       5A        2        1       1
                bssCOMRAM                             1        1       3A        1       1
                cinit                             103DE    103DE       2E     8000       0
                idataCOMRAM                       105AC    105AC        2     8000       0

TOTAL           Name                               Link     Load   Length     Space
        CLASS   CODE           
                intcode                               8        8       6E         0
                init                                 76       76        4         0
                reset_vec                             0        0        4         0
                text26                            105A6    105A6        6         0
                text25                            105B0    105B0        2         0
                text24                            104E4    104E4       20         0
                text23                            105AE    105AE        2         0
                text21                            10550    10550       16         0
                text20                            104C2    104C2       22         0
                text19                            10522    10522       18         0
                text18                            104A0    104A0       22         0
                text17                            1047E    1047E       22         0
                text16                            1039E    1039E       40         0
                text15                            10590    10590        E         0
                text14                            1045C    1045C       22         0
                text13                            10582    10582        E         0
                text12                            10574    10574        E         0
                text11                            10566    10566        E         0
                text10                            10358    10358       46         0
                text9                             101CE    101CE       B2         0
                text8                             1053A    1053A       16         0
                text7                             1040C    1040C       2A         0
                text6                             1059E    1059E        8         0
                text5                             10504    10504       1E         0
                text4                             10104    10104       CA         0
                text3                             10280    10280       86         0
                text2                             10306    10306       52         0
                text1                             10436    10436       26         0
                text0                             10000    10000      104         0
                cinit                             103DE    103DE       2E         0
                idataCOMRAM                       105AC    105AC        2         0

        CLASS   CONST          

        CLASS   SMALLCONST     

        CLASS   MEDIUMCONST    
                mediumconst                        FE18     FE18      1E8         0

        CLASS   COMRAM         
                temp                                 5C       5C        1         1
                cstackCOMRAM                         3B       3B       1F         1
                dataCOMRAM                           5A       5A        2         1
                bssCOMRAM                             1        1       3A         1

        CLASS   ABS1           

        CLASS   BIGRAM         

        CLASS   RAM            

        CLASS   BANK0          

        CLASS   BANK1          

        CLASS   BANK2          

        CLASS   BANK3          

        CLASS   BANK4          

        CLASS   BANK5          

        CLASS   BANK6          

        CLASS   BANK7          

        CLASS   BANK8          

        CLASS   BANK9          

        CLASS   BANK10         

        CLASS   BANK11         

        CLASS   BANK12         

        CLASS   BANK14         

        CLASS   SFR            

        CLASS   BIGSFR         

        CLASS   CONFIG         
                config                           300000   300000        C         4

        CLASS   IDLOC          
                idloc                            200000   200000      100         5

        CLASS   EEDATA         

        CLASS   FARRAM         

        CLASS   HEAP           

        CLASS   STACK          



SEGMENTS        Name                           Load    Length   Top    Selector   Space  Class

                reset_vec                      000000  000004  000004         0       0  CODE    
                bssCOMRAM                      000001  00005C  00005D         1       1  COMRAM  
                intcode                        000008  000072  00007A         4       0  CODE    
                mediumconst                    00FE18  0001E8  010000      7F0C       0  MEDIUMCO
                text0                          010000  0005B2  0105B2      8000       0  CODE    


UNUSED ADDRESS RANGES

        Name                Unused          Largest block    Delta
        BANK0            000060-0000FF               A0
        BANK1            000100-0001FF              100
        BANK10           000A00-000AFF              100
        BANK11           000B00-000BFF              100
        BANK12           000C00-000CFF              100
        BANK14           000E00-000E1E               1F
        BANK2            000200-0002FF              100
        BANK3            000300-0003FF              100
        BANK4            000400-0004FF              100
        BANK5            000500-0005FF              100
        BANK6            000600-0006FF              100
        BANK7            000700-0007FF              100
        BANK8            000800-0008FF              100
        BANK9            000900-0009FF              100
        BIGRAM           00005D-000CFF              CA3
                         000E00-000E1E               1F
        BIGSFR           000D00-000DFF              100
                         000E1F-000FFF              1E1
        CODE             000004-000007                4
                         00007A-00FE17             FD9E
                         0105B2-01FFFF             FA4E
        COMRAM           00005D-00005F                3
        CONST            000004-000007                4
                         00007A-00FE17             FD9E
                         0105B2-01FFFF             FA4E
        EEDATA           310000-3103FF              400
        MEDIUMCONST      001000-00FE17             EE18
                         011000-01FFFF             F000
        RAM              000060-000CFF              100
                         000E00-000E1E               1F
        SFR              000D00-000DFF              100
                         000E1F-000FFF               E1
        SMALLCONST       001000-00FE17              100
                         0105B2-01FFFF              100

                                  Symbol Table

?_printf                                             cstackCOMRAM 000056
?_vfprintf                                           cstackCOMRAM 00004E
EUSART2_FramingErrorCallbackRegister@callbackHandler cstackCOMRAM 00003D
EUSART2_OverrunErrorCallbackRegister@callbackHandler cstackCOMRAM 00003D
EUSART2_Write@txData                                 cstackCOMRAM 00003D
HLVD_CallbackRegister@CallbackHandler                cstackCOMRAM 00003D
HLVD_TripPointSetup@Negative_Trip                    cstackCOMRAM 00003F
HLVD_TripPointSetup@Positive_Trip                    cstackCOMRAM 00003D
HLVD_TripPointSetup@trip_points                      cstackCOMRAM 00003E
INT0_SetInterruptHandler@InterruptHandler            cstackCOMRAM 00003D
INT1_SetInterruptHandler@InterruptHandler            cstackCOMRAM 00003D
INT2_SetInterruptHandler@InterruptHandler            cstackCOMRAM 00003D
_ANSELA                                              (abs)        000F0C
_ANSELB                                              (abs)        000F14
_ANSELC                                              (abs)        000F1C
_ANSELD                                              (abs)        000F21
_ANSELE                                              (abs)        000F29
_BAUD2CON                                            (abs)        000E9A
_BAUD2CONbits                                        (abs)        000E9A
_CLOCK_Initialize                                    text19       010522
_EUSART2_AutoBaudQuery                               (abs)        000000
_EUSART2_AutoBaudSet                                 (abs)        000000
_EUSART2_DefaultFramingErrorCallback                 (abs)        000000
_EUSART2_DefaultOverrunErrorCallback                 (abs)        000000
_EUSART2_Deinitialize                                (abs)        000000
_EUSART2_ErrorGet                                    (abs)        000000
_EUSART2_FramingErrorCallbackRegister                text18       0104A0
_EUSART2_FramingErrorHandler                         bssCOMRAM    00002D
_EUSART2_Initialize                                  text16       01039E
_EUSART2_IsRxReady                                   (abs)        000000
_EUSART2_IsTxDone                                    (abs)        000000
_EUSART2_IsTxReady                                   text7        01040C
_EUSART2_IsTxReady$721                               cstackCOMRAM 00003D
_EUSART2_OverrunErrorCallbackRegister                text17       01047E
_EUSART2_OverrunErrorHandler                         bssCOMRAM    00002A
_EUSART2_Read                                        (abs)        000000
_EUSART2_TransmitDisable                             (abs)        000000
_EUSART2_TransmitEnable                              (abs)        000000
_EUSART2_Write                                       text6        01059E
_HLVDCON0                                            (abs)        000F2A
_HLVDCON0bits                                        (abs)        000F2A
_HLVDCON1                                            (abs)        000F2B
_HLVD_Callback                                       bssCOMRAM    000030
_HLVD_CallbackRegister                               text15       010590
_HLVD_DefaultCallback                                text25       0105B0
_HLVD_ISR                                            text24       0104E4
_HLVD_Initialize                                     text14       01045C
_HLVD_OutputStatusGet                                text21       010550
_HLVD_TripPointSetup                                 text20       0104C2
_HLVD_UserCallback                                   text26       0105A6
_INLVLA                                              (abs)        000F08
_INLVLB                                              (abs)        000F10
_INLVLC                                              (abs)        000F18
_INLVLD                                              (abs)        000F1D
_INLVLE                                              (abs)        000F25
_INT0_DefaultInterruptHandler                        (abs)        000000
_INT0_InterruptHandler                               bssCOMRAM    000027
_INT0_SetInterruptHandler                            text13       010582
_INT1_DefaultInterruptHandler                        (abs)        000000
_INT1_InterruptHandler                               bssCOMRAM    000024
_INT1_SetInterruptHandler                            text12       010574
_INT2_DefaultInterruptHandler                        (abs)        000000
_INT2_InterruptHandler                               bssCOMRAM    000021
_INT2_SetInterruptHandler                            text11       010566
_INTCONbits                                          (abs)        000FF2
_INTERRUPT_Initialize                                text10       010358
_INTERRUPT_InterruptManager                          intcode      000008
_IOCAF                                               (abs)        000F05
_IOCAN                                               (abs)        000F06
_IOCAP                                               (abs)        000F07
_IOCBF                                               (abs)        000F0D
_IOCBN                                               (abs)        000F0E
_IOCBP                                               (abs)        000F0F
_IOCCF                                               (abs)        000F15
_IOCCN                                               (abs)        000F16
_IOCCP                                               (abs)        000F17
_IOCEF                                               (abs)        000F22
_IOCEN                                               (abs)        000F23
_IOCEP                                               (abs)        000F24
_LATA                                                (abs)        000F82
_LATB                                                (abs)        000F83
_LATC                                                (abs)        000F84
_LATD                                                (abs)        000F85
_LATE                                                (abs)        000F86
_LATEbits                                            (abs)        000F86
_ODCONA                                              (abs)        000F0A
_ODCONB                                              (abs)        000F12
_ODCONC                                              (abs)        000F1A
_ODCOND                                              (abs)        000F1F
_ODCONE                                              (abs)        000F27
_OSCCON1                                             (abs)        000ED3
_OSCCON3                                             (abs)        000ED5
_OSCEN                                               (abs)        000ED7
_OSCFRQ                                              (abs)        000ED9
_OSCTUNE                                             (abs)        000ED8
_PIE0bits                                            (abs)        000EBD
_PIE2bits                                            (abs)        000EBF
_PIN_MANAGER_IOC                                     text23       0105AE
_PIN_MANAGER_Initialize                              text9        0101CE
_PIR0bits                                            (abs)        000EC5
_PIR2bits                                            (abs)        000EC7
_PIR3bits                                            (abs)        000EC8
_RC2REG                                              (abs)        000E94
_RC2STA                                              (abs)        000E98
_RC2STAbits                                          (abs)        000E98
_RD0PPS                                              (abs)        000EFA
_RX2PPS                                              (abs)        000E88
_SLRCONA                                             (abs)        000F09
_SLRCONB                                             (abs)        000F11
_SLRCONC                                             (abs)        000F19
_SLRCOND                                             (abs)        000F1E
_SLRCONE                                             (abs)        000F26
_SP2BRGH                                             (abs)        000E97
_SP2BRGL                                             (abs)        000E96
_SYSTEM_Initialize                                   text8        01053A
_TRISA                                               (abs)        000F87
_TRISB                                               (abs)        000F88
_TRISC                                               (abs)        000F89
_TRISD                                               (abs)        000F8A
_TRISE                                               (abs)        000F8B
_TX2REG                                              (abs)        000E95
_TX2STA                                              (abs)        000E99
_TX2STAbits                                          (abs)        000E99
_UART2                                               mediumconst  00FE19
_WPUA                                                (abs)        000F0B
_WPUB                                                (abs)        000F13
_WPUC                                                (abs)        000F1B
_WPUD                                                (abs)        000F20
_WPUE                                                (abs)        000F28
__HRAM                                               (abs)        000000
__H__absolute__                                      __absolute__ 000000
__Habs1                                              abs1         000000
__Hbank0                                             bank0        000000
__Hbank1                                             bank1        000000
__Hbank10                                            bank10       000000
__Hbank11                                            bank11       000000
__Hbank12                                            bank12       000000
__Hbank14                                            bank14       000000
__Hbank2                                             bank2        000000
__Hbank3                                             bank3        000000
__Hbank4                                             bank4        000000
__Hbank5                                             bank5        000000
__Hbank6                                             bank6        000000
__Hbank7                                             bank7        000000
__Hbank8                                             bank8        000000
__Hbank9                                             bank9        000000
__Hbigbss                                            bigbss       000000
__Hbigdata                                           bigdata      000000
__Hbigram                                            bigram       000000
__Hbigsfr                                            bigsfr       000000
__Hbss                                               bss          000000
__HbssCOMRAM                                         bssCOMRAM    000000
__Hcinit                                             cinit        000000
__Hclrtext                                           clrtext      000000
__Hcomram                                            comram       000000
__Hconfig                                            config       30000C
__Hconst                                             const        000000
__HcstackCOMRAM                                      cstackCOMRAM 000000
__Hdata                                              data         000000
__HdataCOMRAM                                        dataCOMRAM   000000
__Heeprom_data                                       eeprom_data  000000
__Hfarbss                                            farbss       000000
__Hfardata                                           fardata      000000
__Hheap                                              heap         000000
__Hibigdata                                          ibigdata     000000
__Hidata                                             idata        000000
__HidataCOMRAM                                       idataCOMRAM  000000
__Hidloc                                             idloc        200100
__Hifardata                                          ifardata     000000
__Hinit                                              init         00007A
__Hintcode                                           intcode      000076
__Hintcode_body                                      intcode_body 000000
__Hintcodelo                                         intcodelo    000076
__Hintentry                                          intentry     000000
__Hintret                                            intret       000000
__Hintsave_regs                                      intsave_regs 000000
__Hirdata                                            irdata       000000
__Hmediumconst                                       mediumconst  010000
__HnvFARRAM                                          nvFARRAM     000000
__Hnvbit                                             nvbit        000000
__Hnvrram                                            nvrram       000000
__Hparam                                             rparam       000000
__Hpowerup                                           powerup      000076
__Hram                                               ram          000000
__Hramtop                                            ramtop       001000
__Hrbit                                              rbit         000000
__Hrbss                                              rbss         000000
__Hrdata                                             rdata        000000
__Hreset_vec                                         reset_vec    000004
__Hrparam                                            rparam       000000
__Hsfr                                               sfr          000000
__Hsmallconst                                        smallconst   000000
__Hspace_0                                           (abs)        0105B2
__Hspace_1                                           (abs)        00005D
__Hspace_2                                           (abs)        000000
__Hspace_4                                           (abs)        60000C
__Hstack                                             stack        000000
__Hstruct                                            struct       000000
__Htemp                                              temp         00005D
__Htext                                              text         000000
__Htext0                                             text0        000000
__Htext1                                             text1        000000
__Htext10                                            text10       000000
__Htext11                                            text11       000000
__Htext12                                            text12       000000
__Htext13                                            text13       000000
__Htext14                                            text14       000000
__Htext15                                            text15       000000
__Htext16                                            text16       000000
__Htext17                                            text17       000000
__Htext18                                            text18       000000
__Htext19                                            text19       000000
__Htext2                                             text2        000000
__Htext20                                            text20       000000
__Htext21                                            text21       000000
__Htext23                                            text23       000000
__Htext24                                            text24       000000
__Htext25                                            text25       000000
__Htext26                                            text26       000000
__Htext27                                            text27       000000
__Htext3                                             text3        000000
__Htext4                                             text4        000000
__Htext5                                             text5        000000
__Htext6                                             text6        000000
__Htext7                                             text7        000000
__Htext8                                             text8        000000
__Htext9                                             text9        000000
__LRAM                                               (abs)        000001
__L__absolute__                                      __absolute__ 000000
__Labs1                                              abs1         000000
__Lbank0                                             bank0        000000
__Lbank1                                             bank1        000000
__Lbank10                                            bank10       000000
__Lbank11                                            bank11       000000
__Lbank12                                            bank12       000000
__Lbank14                                            bank14       000000
__Lbank2                                             bank2        000000
__Lbank3                                             bank3        000000
__Lbank4                                             bank4        000000
__Lbank5                                             bank5        000000
__Lbank6                                             bank6        000000
__Lbank7                                             bank7        000000
__Lbank8                                             bank8        000000
__Lbank9                                             bank9        000000
__Lbigbss                                            bigbss       000000
__Lbigdata                                           bigdata      000000
__Lbigram                                            bigram       000000
__Lbigsfr                                            bigsfr       000000
__Lbss                                               bss          000000
__LbssCOMRAM                                         bssCOMRAM    000000
__Lcinit                                             cinit        000000
__Lclrtext                                           clrtext      000000
__Lcomram                                            comram       000000
__Lconfig                                            config       000000
__Lconst                                             const        000000
__LcstackCOMRAM                                      cstackCOMRAM 000000
__Ldata                                              data         000000
__LdataCOMRAM                                        dataCOMRAM   000000
__Leeprom_data                                       eeprom_data  000000
__Lfarbss                                            farbss       000000
__Lfardata                                           fardata      000000
__Lheap                                              heap         000000
__Libigdata                                          ibigdata     000000
__Lidata                                             idata        000000
__LidataCOMRAM                                       idataCOMRAM  000000
__Lidloc                                             idloc        000000
__Lifardata                                          ifardata     000000
__Linit                                              init         000076
__Lintcode                                           intcode      000008
__Lintcode_body                                      intcode_body 000000
__Lintcodelo                                         intcodelo    000076
__Lintentry                                          intentry     000000
__Lintret                                            intret       000000
__Lintsave_regs                                      intsave_regs 000000
__Lirdata                                            irdata       000000
__Lmediumconst                                       mediumconst  00FE18
__LnvFARRAM                                          nvFARRAM     000000
__Lnvbit                                             nvbit        000000
__Lnvrram                                            nvrram       000000
__Lparam                                             rparam       000000
__Lpowerup                                           powerup      000076
__Lram                                               ram          000000
__Lramtop                                            ramtop       001000
__Lrbit                                              rbit         000000
__Lrbss                                              rbss         000000
__Lrdata                                             rdata        000000
__Lreset_vec                                         reset_vec    000000
__Lrparam                                            rparam       000000
__Lsfr                                               sfr          000000
__Lsmallconst                                        smallconst   000000
__Lspace_0                                           (abs)        000000
__Lspace_1                                           (abs)        000000
__Lspace_2                                           (abs)        000000
__Lspace_4                                           (abs)        000000
__Lstack                                             stack        000000
__Lstruct                                            struct       000000
__Ltemp                                              temp         00005C
__Ltext                                              text         000000
__Ltext0                                             text0        000000
__Ltext1                                             text1        000000
__Ltext10                                            text10       000000
__Ltext11                                            text11       000000
__Ltext12                                            text12       000000
__Ltext13                                            text13       000000
__Ltext14                                            text14       000000
__Ltext15                                            text15       000000
__Ltext16                                            text16       000000
__Ltext17                                            text17       000000
__Ltext18                                            text18       000000
__Ltext19                                            text19       000000
__Ltext2                                             text2        000000
__Ltext20                                            text20       000000
__Ltext21                                            text21       000000
__Ltext23                                            text23       000000
__Ltext24                                            text24       000000
__Ltext25                                            text25       000000
__Ltext26                                            text26       000000
__Ltext27                                            text27       000000
__Ltext3                                             text3        000000
__Ltext4                                             text4        000000
__Ltext5                                             text5        000000
__Ltext6                                             text6        000000
__Ltext7                                             text7        000000
__Ltext8                                             text8        000000
__Ltext9                                             text9        000000
__S0                                                 (abs)        0105B2
__S1                                                 (abs)        00005D
__S4                                                 (abs)        000000
__S5                                                 (abs)        000000
___heap_hi                                           (abs)        000000
___heap_lo                                           (abs)        000000
___inthi_sp                                          stack        000000
___intlo_sp                                          stack        000000
___param_bank                                        (abs)        000000
___rparam_used                                       (abs)        000001
___sp                                                stack        000000
__accesstop                                          (abs)        000060
__activetblptr                                       (abs)        000003
__end_of_CLOCK_Initialize                            text19       01053A
__end_of_EUSART2_FramingErrorCallbackRegister        text18       0104C2
__end_of_EUSART2_Initialize                          text16       0103DE
__end_of_EUSART2_IsTxReady                           text7        010436
__end_of_EUSART2_OverrunErrorCallbackRegister        text17       0104A0
__end_of_EUSART2_Write                               text6        0105A6
__end_of_HLVD_CallbackRegister                       text15       01059E
__end_of_HLVD_DefaultCallback                        text25       0105B2
__end_of_HLVD_ISR                                    text24       010504
__end_of_HLVD_Initialize                             text14       01047E
__end_of_HLVD_OutputStatusGet                        text21       010566
__end_of_HLVD_TripPointSetup                         text20       0104E4
__end_of_HLVD_UserCallback                           text26       0105AC
__end_of_INT0_SetInterruptHandler                    text13       010590
__end_of_INT1_SetInterruptHandler                    text12       010582
__end_of_INT2_SetInterruptHandler                    text11       010574
__end_of_INTERRUPT_Initialize                        text10       01039E
__end_of_INTERRUPT_InterruptManager                  intcode      000076
__end_of_PIN_MANAGER_IOC                             text23       0105B0
__end_of_PIN_MANAGER_Initialize                      text9        010280
__end_of_SYSTEM_Initialize                           text8        010550
__end_of_UART2                                       mediumconst  00FE61
__end_of__initialization                             cinit        010402
__end_of_fputc                                       text4        0101CE
__end_of_main                                        text0        010104
__end_of_printf                                      text1        01045C
__end_of_putch                                       text5        010522
__end_of_vfpfcnvrt                                   text3        010306
__end_of_vfprintf                                    text2        010358
__initialization                                     cinit        0103DE
__mediumconst                                        mediumconst  00FE18
__pbssCOMRAM                                         bssCOMRAM    000001
__pcinit                                             cinit        0103DE
__pcstackCOMRAM                                      cstackCOMRAM 00003B
__pdataCOMRAM                                        dataCOMRAM   00005A
__pidataCOMRAM                                       idataCOMRAM  0105AC
__pintcode                                           intcode      000008
__pmediumconst                                       mediumconst  00FE18
__ptext0                                             text0        010000
__ptext1                                             text1        010436
__ptext10                                            text10       010358
__ptext11                                            text11       010566
__ptext12                                            text12       010574
__ptext13                                            text13       010582
__ptext14                                            text14       01045C
__ptext15                                            text15       010590
__ptext16                                            text16       01039E
__ptext17                                            text17       01047E
__ptext18                                            text18       0104A0
__ptext19                                            text19       010522
__ptext2                                             text2        010306
__ptext20                                            text20       0104C2
__ptext21                                            text21       010550
__ptext23                                            text23       0105AE
__ptext24                                            text24       0104E4
__ptext25                                            text25       0105B0
__ptext26                                            text26       0105A6
__ptext27                                            text27       000000
__ptext3                                             text3        010280
__ptext4                                             text4        010104
__ptext5                                             text5        010504
__ptext6                                             text6        01059E
__ptext7                                             text7        01040C
__ptext8                                             text8        01053A
__ptext9                                             text9        0101CE
__ramtop                                             ramtop       001000
__smallconst                                         smallconst   000000
_eusart2RxLastError                                  bssCOMRAM    000037
_flags                                               bssCOMRAM    000039
_fputc                                               text4        010104
_hlvdIntFlag                                         bssCOMRAM    00003A
_main                                                text0        010000
_prec                                                bssCOMRAM    000035
_printf                                              text1        010436
_putch                                               text5        010504
_vfpfcnvrt                                           text3        010280
_vfprintf                                            text2        010306
_wait4ledCnt                                         dataCOMRAM   00005A
_width                                               bssCOMRAM    000033
btemp                                                temp         00005C
end_of_initialization                                cinit        010402
fputc@c                                              cstackCOMRAM 00003F
fputc@fp                                             cstackCOMRAM 000041
int$flags                                            temp         00005C
intlevel0                                            text         000000
intlevel1                                            text         000000
intlevel2                                            text         000000
intlevel3                                            text         000000
isa$std                                              (abs)        000001
isa$xinst                                            (abs)        000000
printf@ap                                            cstackCOMRAM 000058
printf@fmt                                           cstackCOMRAM 000056
putch@txData                                         cstackCOMRAM 00003E
stackhi                                              (abs)        000000
stacklo                                              (abs)        000000
start                                                init         000076
start_initialization                                 cinit        0103DE
ttemp5                                               temp         00005D
ttemp6                                               temp         000060
ttemp7                                               temp         000064
vfpfcnvrt@ap                                         cstackCOMRAM 00004C
vfpfcnvrt@fmt                                        cstackCOMRAM 00004A
vfpfcnvrt@fp                                         cstackCOMRAM 000048
vfprintf@ap                                          cstackCOMRAM 000052
vfprintf@cfmt                                        cstackCOMRAM 000054
vfprintf@fmt                                         cstackCOMRAM 000050
vfprintf@fp                                          cstackCOMRAM 00004E
wtemp8                                               temp         00005D


MODULE INFORMATION

Module		Function		Class		Link	Load	Size
C:\Program Files\Microchip\xc8\v2.41\pic\sources\c99\common\nf_fputc.c
		_fputc         		CODE           	10104	0000	202

C:\Program Files\Microchip\xc8\v2.41\pic\sources\c99\common\nf_fputc.c estimated size: 202

mcc_generated_files/system/src/interrupt.c
		_INT0_SetInterruptHandler		CODE           	10582	0000	14
		_INT1_SetInterruptHandler		CODE           	10574	0000	14
		_INT2_SetInterruptHandler		CODE           	10566	0000	14
		_INTERRUPT_Initialize		CODE           	10358	0000	70
		_INTERRUPT_InterruptManager		CODE           	0008	0000	110

mcc_generated_files/system/src/interrupt.c estimated size: 222

mcc_generated_files/uart/src/eusart2.c
		_putch         		CODE           	10504	0000	30
		_EUSART2_Write 		CODE           	1059E	0000	8
		_EUSART2_FramingErrorCallbackRegister		CODE           	104A0	0000	34
		_EUSART2_IsTxReady		CODE           	1040C	0000	42
		_EUSART2_OverrunErrorCallbackRegister		CODE           	1047E	0000	34
		_EUSART2_Initialize		CODE           	1039E	0000	64

mcc_generated_files/uart/src/eusart2.c estimated size: 212

C:\Program Files\Microchip\xc8\v2.41\pic\sources\c99\common\doprnt.c
		_vfpfcnvrt     		CODE           	10280	0000	134
		_vfprintf      		CODE           	10306	0000	82

C:\Program Files\Microchip\xc8\v2.41\pic\sources\c99\common\doprnt.c estimated size: 216

mcc_generated_files/hlvd/src/hlvd.c
		_HLVD_CallbackRegister		CODE           	10590	0000	14
		_HLVD_OutputStatusGet		CODE           	10550	0000	22
		_HLVD_TripPointSetup		CODE           	104C2	0000	34
		_HLVD_ISR      		CODE           	104E4	0000	32
		_HLVD_Initialize		CODE           	1045C	0000	34
		_HLVD_DefaultCallback		CODE           	105B0	0000	2

mcc_generated_files/hlvd/src/hlvd.c estimated size: 138

mcc_generated_files/system/src/pins.c
		_PIN_MANAGER_Initialize		CODE           	101CE	0000	178
		_PIN_MANAGER_IOC		CODE           	105AE	0000	2

mcc_generated_files/system/src/pins.c estimated size: 180

shared
		__initialization		CODE           	103DE	0000	36
		_UART2         		MEDIUMCONST    	FE19	0000	72

shared estimated size: 108

mcc_generated_files/system/src/clock.c
		_CLOCK_Initialize		CODE           	10522	0000	24

mcc_generated_files/system/src/clock.c estimated size: 24

main.c
		_main          		CODE           	10000	0000	260
		_HLVD_UserCallback		CODE           	105A6	0000	6

main.c estimated size: 266

C:\Program Files\Microchip\xc8\v2.41\pic\sources\c99\common\printf.c
		_printf        		CODE           	10436	0000	38

C:\Program Files\Microchip\xc8\v2.41\pic\sources\c99\common\printf.c estimated size: 38

mcc_generated_files/system/src/system.c
		_SYSTEM_Initialize		CODE           	1053A	0000	22

mcc_generated_files/system/src/system.c estimated size: 22

